------------------------------------------------------------
TimeQuest Timing Analyzer Summary
------------------------------------------------------------

Type  : Slow 1200mV 85C Model Setup 'clock'
Slack : -5.940
TNS   : -1265.304

Type  : Slow 1200mV 85C Model Setup 'fstate.State000'
Slack : -3.151
TNS   : -8.121

Type  : Slow 1200mV 85C Model Setup 'Timer:Timer_map|Minutes[0]~reg0'
Slack : -2.030
TNS   : -3.285

Type  : Slow 1200mV 85C Model Hold 'Timer:Timer_map|Minutes[0]~reg0'
Slack : -3.371
TNS   : -13.729

Type  : Slow 1200mV 85C Model Hold 'clock'
Slack : -1.984
TNS   : -22.836

Type  : Slow 1200mV 85C Model Hold 'fstate.State000'
Slack : -1.555
TNS   : -3.182

Type  : Slow 1200mV 85C Model Minimum Pulse Width 'clock'
Slack : -3.000
TNS   : -329.000

Type  : Slow 1200mV 85C Model Minimum Pulse Width 'Timer:Timer_map|Minutes[0]~reg0'
Slack : 0.334
TNS   : 0.000

Type  : Slow 1200mV 85C Model Minimum Pulse Width 'fstate.State000'
Slack : 0.390
TNS   : 0.000

Type  : Slow 1200mV 0C Model Setup 'clock'
Slack : -5.184
TNS   : -1098.307

Type  : Slow 1200mV 0C Model Setup 'fstate.State000'
Slack : -2.873
TNS   : -7.279

Type  : Slow 1200mV 0C Model Setup 'Timer:Timer_map|Minutes[0]~reg0'
Slack : -1.832
TNS   : -2.898

Type  : Slow 1200mV 0C Model Hold 'Timer:Timer_map|Minutes[0]~reg0'
Slack : -3.019
TNS   : -12.022

Type  : Slow 1200mV 0C Model Hold 'clock'
Slack : -1.843
TNS   : -25.233

Type  : Slow 1200mV 0C Model Hold 'fstate.State000'
Slack : -1.328
TNS   : -2.699

Type  : Slow 1200mV 0C Model Minimum Pulse Width 'clock'
Slack : -3.000
TNS   : -329.000

Type  : Slow 1200mV 0C Model Minimum Pulse Width 'fstate.State000'
Slack : 0.390
TNS   : 0.000

Type  : Slow 1200mV 0C Model Minimum Pulse Width 'Timer:Timer_map|Minutes[0]~reg0'
Slack : 0.394
TNS   : 0.000

Type  : Fast 1200mV 0C Model Setup 'clock'
Slack : -3.011
TNS   : -583.643

Type  : Fast 1200mV 0C Model Setup 'fstate.State000'
Slack : -1.300
TNS   : -3.206

Type  : Fast 1200mV 0C Model Setup 'Timer:Timer_map|Minutes[0]~reg0'
Slack : -0.747
TNS   : -0.747

Type  : Fast 1200mV 0C Model Hold 'Timer:Timer_map|Minutes[0]~reg0'
Slack : -1.978
TNS   : -7.960

Type  : Fast 1200mV 0C Model Hold 'clock'
Slack : -1.183
TNS   : -19.834

Type  : Fast 1200mV 0C Model Hold 'fstate.State000'
Slack : -1.021
TNS   : -2.045

Type  : Fast 1200mV 0C Model Minimum Pulse Width 'clock'
Slack : -3.000
TNS   : -341.374

Type  : Fast 1200mV 0C Model Minimum Pulse Width 'Timer:Timer_map|Minutes[0]~reg0'
Slack : 0.204
TNS   : 0.000

Type  : Fast 1200mV 0C Model Minimum Pulse Width 'fstate.State000'
Slack : 0.261
TNS   : 0.000

------------------------------------------------------------
